social.are
5realms.are
aielsafe.are
air.are
arathoni.are
asha_man.are
asmodeus.are
avalonch.are
baerlon.are
bazaar.are
blight.are
bowmen.are
caemlyn.are
camelot.are
canyon.are
chapel.are
ciquala.are
circle.are
cliffs.are
dara.are
dewdem.are
diemkeep.are
dfcave.are
divsouls.are
drey1.are
dylan.are
eastern.are
ebou.are
erealms.are
rolland1.are
falme.are
farmadding.are
furies.are
ghenjei.are
gleeman.are
gnome.are
caralain.are
greenman.are
grove.are
haon.are
hitower.are
illumin.are
immort.are
shadowpalace.are
jehann.are
seanchan.are
limbo.are
mahntor.are
mega1.are
midennir.are
mirror.are
moria.are
muduniv.are
nation.are
newthalo.are
nirvana.are
olympus.are
plains.are
pyramid.are
quest.are
questi.are
quifael.are
redferne.are
redhand.are
school.are
sewer.are
shaolin.are
shayol.are
shielding.are
shire.are
tanchico.are
temple7.are
thalos.are
thestone.are
theways.are
thomways.are
tinker.are
tohell.are
towerg.are
under2.are
valley.are
white.are
whitebridge.are
whiteclo.are
whitetower.are
wolf.are
wyvern.are
tear.are
wild2.are
test.are
wilder2.are
emonds.are
ratahl.are
naseem.are
bore.are
fourk.are
falme2.are
valon.are
cairhien.are
collam.are
shaido.are
illian.are
tel.are
amadish.are
logoth.are
shadow.are
strhold.are
amador.are
questm.are
summoner.are
orsinth.are
filler.are
dream.are
chaos.are
ctf2.are
capflag.are
home.are
tunnels.are
adquest.are
lugard.are
legend2.are
catac.are
demarea.are
denison.are
gleguild.are
shame.are
tonia.are
damntow.are
gyphtgr.are
dquest.are
questcpn.are
sellers1.are
levi1.are
hornsby.are
dreddem.are
ziles.are
wild3.are
wbextend.are
disdem.are
$
